[bodhi-space-j5vd.b12sites.com/index.html]
[backblue.gif]
[fade.gif]
[index.html]
[code.jquery.com/jquery-3.3.1.min.js]
[bodhi-space-j5vd.b12sites.com/index-2.html]
[bodhi-space-j5vd.b12sites.com/assets/fonts/poppins-latin-ext-normal-400.woff2]
[bodhi-space-j5vd.b12sites.com/assets/fonts/poppins-latin-normal-400.woff2]
[bodhi-space-j5vd.b12sites.com/assets/fonts/poppins-latin-ext-normal-500.woff2]
[bodhi-space-j5vd.b12sites.com/assets/fonts/poppins-latin-normal-500.woff2]
[bodhi-space-j5vd.b12sites.com/assets/fonts/poppins-latin-ext-normal-600.woff2]
[bodhi-space-j5vd.b12sites.com/assets/fonts/poppins-latin-normal-600.woff2]
[bodhi-space-j5vd.b12sites.com/assets/fonts/poppins-latin-ext-normal-700.woff2]
[bodhi-space-j5vd.b12sites.com/assets/fonts/poppins-latin-normal-700.woff2]
[bodhi-space-j5vd.b12sites.com/assets/fonts/fontawesome-webfont-674f50d287a8c48dc19ba404d20fe713.eot]
[bodhi-space-j5vd.b12sites.com/assets/fonts/fontawesome-webfont-674f50d287a8c48dc19ba404d20fe713d41d.eot]
[bodhi-space-j5vd.b12sites.com/assets/fonts/fontawesome-webfont-fee66e712a8a08eef5805a46892932ad.18.delayed]
[bodhi-space-j5vd.b12sites.com/assets/fonts/fontawesome-webfont-fee66e712a8a08eef5805a46892932ad.woff]
[bodhi-space-j5vd.b12sites.com/assets/fonts/fontawesome-webfont-b06871f281fee6b241d60582ae9369b9.ttf]
[bodhi-space-j5vd.b12sites.com/assets/fonts/fontawesome-webfont-912ec66d7572ff821749319396470bde.svg]
[bodhi-space-j5vd.b12sites.com/assets/fonts/ajax-loader-c5cd7f5300576ab4c88202b42f6ded62.gif]
[bodhi-space-j5vd.b12sites.com/assets/fonts/slick-ced611daf7709cc778da928fec876475.eot]
[bodhi-space-j5vd.b12sites.com/assets/fonts/slick-ced611daf7709cc778da928fec876475d41d.eot]
[bodhi-space-j5vd.b12sites.com/assets/fonts/slick-b7c9e1e479de3b53f1e4e30ebac2403a.woff]
[bodhi-space-j5vd.b12sites.com/assets/fonts/slick-d41f55a78e6f49a5512878df1737e58a.ttf]
[bodhi-space-j5vd.b12sites.com/assets/fonts/slick-f97e3bbf73254b0112091d0192f17aec.svg]
[cdn.b12.io/client_media/vHEtyVtR/086a4a04-fc7f-11ee-a177-0242ac110002-Bodhi_Space_Studio_Logo.gif]
[bodhi-space-j5vd.b12sites.com/window.2d.delayed]
[cdn.b12.io/client_media/vHEtyVtR/f946b928-fc82-11ee-a369-0242ac110002-jpg-hero_image.jpg]
[cdn.b12.io/client_media/vHEtyVtR/c6a77d2e-fc80-11ee-a369-0242ac110002-13-hero_image.jpg]
[cdn.b12.io/client_media/vHEtyVtR/c6ae29b2-fc80-11ee-a177-0242ac110002-13-hero_image.jpg]
[cdn.b12.io/client_media/vHEtyVtR/c680a852-fc80-11ee-a7eb-0242ac110002-13-hero_image.jpg]
[cdn.b12.io/client_media/vHEtyVtR/c61d467c-fc80-11ee-b6bd-0242ac110002-13-hero_image.jpg]
[cdn.b12.io/client_media/vHEtyVtR/ec8d2ee6-fc83-11ee-a20b-0242ac110002-jpg-hero_image.jpg]
[cdn.b12.io/client_media/vHEtyVtR/22473320-fc83-11ee-b29e-0242ac110002-png-regular_image.png]
[cdn.b12.io/client_media/vHEtyVtR/c637a436-fc80-11ee-b6bd-0242ac110002-13-regular_image.jpg]
[bodhi-space-j5vd.b12sites.com/luxury-apartments.html]
[cdn.b12.io/client_media/vHEtyVtR/8f9e3f44-fc7f-11ee-a369-0242ac110002-jpg-regular_image.jpg]
[bodhi-space-j5vd.b12sites.com/villas-and-townhouses.html]
[cdn.b12.io/client_media/vHEtyVtR/4b7cf2de-fc83-11ee-a9da-0242ac110002-jpg-regular_image.jpg]
[bodhi-space-j5vd.b12sites.com/landscape-design.html]
[cdn.b12.io/client_media/vHEtyVtR/51c7a9f8-fce3-11ee-9f35-0242ac110002-jpg-regular_image.jpg]
[bodhi-space-j5vd.b12sites.com/interior-design.html]
[bodhi-space-j5vd.b12sites.com/our-team.html]
[bodhi-space-j5vd.b12sites.com/assets/bundle-26df06bbde665912c7803cd668f15047.js]
[bodhi-space-j5vd.b12sites.com/scheduling.html]
[cdn.b12.io/prod_traffic/global.js]
[bodhi-space-j5vd.b12sites.com/intake-form.html]
[www.google.com/recaptcha/apifb47.js]
[bodhi-space-j5vd.b12sites.com/index.html]
[bodhi-space-j5vd.b12sites.com/index-2.html]
[bodhi-space-j5vd.b12sites.com/assets/fonts/fontawesome-webfont-fee66e712a8a08eef5805a46892932ad.html]
[bodhi-space-j5vd.b12sites.com/window.html]
[bodhi-space-j5vd.b12sites.com/luxury-apartments.html]
[bodhi-space-j5vd.b12sites.com/villas-and-townhouses.html]
[cdn.b12.io/client_media/vHEtyVtR/20d952fc-fc83-11ee-b29e-0242ac110002-png-hero_image.png]
[bodhi-space-j5vd.b12sites.com/landscape-design.html]
[cdn.b12.io/client_media/vHEtyVtR/8f6f9fa4-fc7f-11ee-a369-0242ac110002-jpg-hero_image.jpg]
[bodhi-space-j5vd.b12sites.com/interior-design.html]
[cdn.b12.io/client_media/vHEtyVtR/4b557844-fc83-11ee-a9da-0242ac110002-jpg-hero_image.jpg]
[bodhi-space-j5vd.b12sites.com/our-team.html]
[bodhi-space-j5vd.b12sites.com/scheduling.html]
[bodhi-space-j5vd.b12sites.com/intake-form.html]
[cdn.b12.io/client_media/vHEtyVtR/51a1b1b2-fce3-11ee-9f35-0242ac110002-jpg-hero_image.jpg]
[bodhi-space-j5vd.b12sites.com/assets/fonts/ajax-loader-c5cd7f5300576ab4c88202b42f6ded62.gif]
[bodhi-space-j5vd.b12sites.com/assets/fonts/fontawesome-webfont-fee66e712a8a08eef5805a46892932ad.html]
[bodhi-space-j5vd.b12sites.com/assets/fonts/fontawesome-webfont-b06871f281fee6b241d60582ae9369b9.ttf]
[bodhi-space-j5vd.b12sites.com/assets/fonts/fontawesome-webfont-912ec66d7572ff821749319396470bde.svg]
[bodhi-space-j5vd.b12sites.com/assets/fonts/fontawesome-webfont-fee66e712a8a08eef5805a46892932ad.woff]
[bodhi-space-j5vd.b12sites.com/assets/fonts/slick-f97e3bbf73254b0112091d0192f17aec.svg]
[bodhi-space-j5vd.b12sites.com/assets/fonts/slick-ced611daf7709cc778da928fec876475.eot]
[bodhi-space-j5vd.b12sites.com/window.html]
[bodhi-space-j5vd.b12sites.com/luxury-apartments.html]
[bodhi-space-j5vd.b12sites.com/villas-and-townhouses.html]
[bodhi-space-j5vd.b12sites.com/landscape-design.html]
[bodhi-space-j5vd.b12sites.com/interior-design.html]
[bodhi-space-j5vd.b12sites.com/our-team.html]
[bodhi-space-j5vd.b12sites.com/scheduling.html]
[cdn.b12.io/prod_traffic/global.js]
